Java HotSpot(TM) 64-Bit Server VM (25.144-b01) for linux-amd64 JRE (1.8.0_144-b01), built on Jul 21 2017 21:57:33 by "java_re" with gcc 4.3.0 20080428 (Red Hat 4.3.0-8)
Memory: 4k page, physical 15391936k(4901892k free), swap 10485756k(10485756k free)
CommandLine flags: -XX:InitialHeapSize=134217728 -XX:MaxHeapSize=134217728 -XX:MaxNewSize=44740608 -XX:MaxTenuringThreshold=6 -XX:NewSize=44740608 -XX:OldPLABSize=16 -XX:OldSize=89477120 -XX:+PrintGC -XX:+PrintGCDateStamps -XX:+PrintGCDetails -XX:+PrintGCTimeStamps -XX:+UseCompressedClassPointers -XX:+UseCompressedOops -XX:+UseConcMarkSweepGC -XX:+UseParNewGC 
2020-10-28T23:02:22.549+0800: 0.086: [GC (Allocation Failure) 2020-10-28T23:02:22.549+0800: 0.086: [ParNew: 34819K->4347K(39296K), 0.0028944 secs] 34819K->11014K(126720K), 0.0031102 secs] [Times: user=0.00 sys=0.02, real=0.00 secs] 
2020-10-28T23:02:22.569+0800: 0.107: [GC (Allocation Failure) 2020-10-28T23:02:22.569+0800: 0.107: [ParNew: 39193K->4352K(39296K), 0.0064262 secs] 45860K->23311K(126720K), 0.0068794 secs] [Times: user=0.03 sys=0.00, real=0.01 secs] 
2020-10-28T23:02:22.589+0800: 0.126: [GC (Allocation Failure) 2020-10-28T23:02:22.589+0800: 0.126: [ParNew: 39049K->4346K(39296K), 0.0085114 secs] 58008K->36644K(126720K), 0.0087096 secs] [Times: user=0.06 sys=0.00, real=0.01 secs] 
2020-10-28T23:02:22.610+0800: 0.148: [GC (Allocation Failure) 2020-10-28T23:02:22.610+0800: 0.148: [ParNew: 39140K->4351K(39296K), 0.0058447 secs] 71437K->47967K(126720K), 0.0060594 secs] [Times: user=0.03 sys=0.00, real=0.01 secs] 
2020-10-28T23:02:22.626+0800: 0.164: [GC (Allocation Failure) 2020-10-28T23:02:22.626+0800: 0.164: [ParNew: 38649K->4349K(39296K), 0.0064442 secs] 82265K->59135K(126720K), 0.0066435 secs] [Times: user=0.04 sys=0.01, real=0.00 secs] 
2020-10-28T23:02:22.633+0800: 0.170: [GC (CMS Initial Mark) [1 CMS-initial-mark: 54786K(87424K)] 59787K(126720K), 0.0002602 secs] [Times: user=0.00 sys=0.00, real=0.00 secs] 
2020-10-28T23:02:22.633+0800: 0.171: [CMS-concurrent-mark-start]
2020-10-28T23:02:22.634+0800: 0.172: [CMS-concurrent-mark: 0.001/0.001 secs] [Times: user=0.00 sys=0.00, real=0.00 secs] 
2020-10-28T23:02:22.634+0800: 0.172: [CMS-concurrent-preclean-start]
2020-10-28T23:02:22.635+0800: 0.172: [CMS-concurrent-preclean: 0.000/0.000 secs] [Times: user=0.00 sys=0.00, real=0.01 secs] 
2020-10-28T23:02:22.635+0800: 0.172: [CMS-concurrent-abortable-preclean-start]
2020-10-28T23:02:22.647+0800: 0.184: [GC (Allocation Failure) 2020-10-28T23:02:22.647+0800: 0.185: [ParNew: 39233K->4349K(39296K), 0.0062078 secs] 94019K->69915K(126720K), 0.0063987 secs] [Times: user=0.03 sys=0.00, real=0.00 secs] 
2020-10-28T23:02:22.665+0800: 0.203: [GC (Allocation Failure) 2020-10-28T23:02:22.665+0800: 0.203: [ParNew: 38961K->4351K(39296K), 0.0075198 secs] 104527K->85349K(126720K), 0.0077162 secs] [Times: user=0.06 sys=0.01, real=0.00 secs] 
2020-10-28T23:02:22.674+0800: 0.211: [CMS-concurrent-abortable-preclean: 0.001/0.039 secs] [Times: user=0.14 sys=0.01, real=0.03 secs] 
2020-10-28T23:02:22.674+0800: 0.211: [GC (CMS Final Remark) [YG occupancy: 7056 K (39296 K)]2020-10-28T23:02:22.674+0800: 0.211: [Rescan (parallel) , 0.0002469 secs]2020-10-28T23:02:22.674+0800: 0.212: [weak refs processing, 0.0000261 secs]2020-10-28T23:02:22.674+0800: 0.212: [class unloading, 0.0003505 secs]2020-10-28T23:02:22.675+0800: 0.212: [scrub symbol table, 0.0005802 secs]2020-10-28T23:02:22.675+0800: 0.213: [scrub string table, 0.0003592 secs][1 CMS-remark: 80997K(87424K)] 88054K(126720K), 0.0020023 secs] [Times: user=0.00 sys=0.00, real=0.01 secs] 
2020-10-28T23:02:22.676+0800: 0.214: [CMS-concurrent-sweep-start]
2020-10-28T23:02:22.676+0800: 0.214: [CMS-concurrent-sweep: 0.000/0.000 secs] [Times: user=0.00 sys=0.00, real=0.00 secs] 
2020-10-28T23:02:22.676+0800: 0.214: [CMS-concurrent-reset-start]
2020-10-28T23:02:22.677+0800: 0.214: [CMS-concurrent-reset: 0.000/0.000 secs] [Times: user=0.00 sys=0.00, real=0.00 secs] 
2020-10-28T23:02:22.687+0800: 0.225: [GC (Allocation Failure) 2020-10-28T23:02:22.687+0800: 0.225: [ParNew: 39295K->39295K(39296K), 0.0000542 secs]2020-10-28T23:02:22.687+0800: 0.225: [CMS: 78757K->87417K(87424K), 0.0183508 secs] 118053K->89691K(126720K), [Metaspace: 2544K->2544K(1056768K)], 0.0188157 secs] [Times: user=0.02 sys=0.00, real=0.02 secs] 
2020-10-28T23:02:22.706+0800: 0.244: [GC (CMS Initial Mark) [1 CMS-initial-mark: 87417K(87424K)] 89979K(126720K), 0.0001738 secs] [Times: user=0.00 sys=0.00, real=0.00 secs] 
2020-10-28T23:02:22.706+0800: 0.244: [CMS-concurrent-mark-start]
2020-10-28T23:02:22.707+0800: 0.245: [CMS-concurrent-mark: 0.001/0.001 secs] [Times: user=0.00 sys=0.00, real=0.00 secs] 
2020-10-28T23:02:22.708+0800: 0.245: [CMS-concurrent-preclean-start]
2020-10-28T23:02:22.709+0800: 0.246: [CMS-concurrent-preclean: 0.001/0.001 secs] [Times: user=0.00 sys=0.00, real=0.00 secs] 
2020-10-28T23:02:22.709+0800: 0.246: [CMS-concurrent-abortable-preclean-start]
2020-10-28T23:02:22.709+0800: 0.247: [CMS-concurrent-abortable-preclean: 0.000/0.000 secs] [Times: user=0.00 sys=0.00, real=0.00 secs] 
2020-10-28T23:02:22.709+0800: 0.247: [GC (CMS Final Remark) [YG occupancy: 11342 K (39296 K)]2020-10-28T23:02:22.710+0800: 0.247: [Rescan (parallel) , 0.0011911 secs]2020-10-28T23:02:22.711+0800: 0.248: [weak refs processing, 0.0000281 secs]2020-10-28T23:02:22.711+0800: 0.248: [class unloading, 0.0003006 secs]2020-10-28T23:02:22.711+0800: 0.249: [scrub symbol table, 0.0005291 secs]2020-10-28T23:02:22.712+0800: 0.249: [scrub string table, 0.0001851 secs][1 CMS-remark: 87417K(87424K)] 98759K(126720K), 0.0026094 secs] [Times: user=0.01 sys=0.00, real=0.00 secs] 
2020-10-28T23:02:22.712+0800: 0.250: [CMS-concurrent-sweep-start]
2020-10-28T23:02:22.712+0800: 0.250: [CMS-concurrent-sweep: 0.000/0.000 secs] [Times: user=0.01 sys=0.00, real=0.00 secs] 
2020-10-28T23:02:22.713+0800: 0.251: [CMS-concurrent-reset-start]
2020-10-28T23:02:22.713+0800: 0.251: [CMS-concurrent-reset: 0.000/0.000 secs] [Times: user=0.00 sys=0.00, real=0.00 secs] 
2020-10-28T23:02:22.719+0800: 0.256: [GC (Allocation Failure) 2020-10-28T23:02:22.719+0800: 0.256: [ParNew: 39120K->39120K(39296K), 0.0000623 secs]2020-10-28T23:02:22.719+0800: 0.257: [CMS: 87117K->86926K(87424K), 0.0163770 secs] 126238K->98647K(126720K), [Metaspace: 2544K->2544K(1056768K)], 0.0168034 secs] [Times: user=0.02 sys=0.00, real=0.02 secs] 
2020-10-28T23:02:22.736+0800: 0.273: [GC (CMS Initial Mark) [1 CMS-initial-mark: 86926K(87424K)] 98826K(126720K), 0.0002514 secs] [Times: user=0.00 sys=0.00, real=0.00 secs] 
2020-10-28T23:02:22.736+0800: 0.274: [CMS-concurrent-mark-start]
2020-10-28T23:02:22.737+0800: 0.275: [CMS-concurrent-mark: 0.001/0.001 secs] [Times: user=0.00 sys=0.00, real=0.00 secs] 
2020-10-28T23:02:22.737+0800: 0.275: [CMS-concurrent-preclean-start]
2020-10-28T23:02:22.739+0800: 0.276: [CMS-concurrent-preclean: 0.001/0.001 secs] [Times: user=0.01 sys=0.00, real=0.00 secs] 
2020-10-28T23:02:22.739+0800: 0.276: [CMS-concurrent-abortable-preclean-start]
2020-10-28T23:02:22.739+0800: 0.276: [CMS-concurrent-abortable-preclean: 0.000/0.000 secs] [Times: user=0.00 sys=0.00, real=0.00 secs] 
2020-10-28T23:02:22.739+0800: 0.276: [GC (CMS Final Remark) [YG occupancy: 22296 K (39296 K)]2020-10-28T23:02:22.739+0800: 0.277: [Rescan (parallel) , 0.0009913 secs]2020-10-28T23:02:22.740+0800: 0.278: [weak refs processing, 0.0000242 secs]2020-10-28T23:02:22.740+0800: 0.278: [class unloading, 0.0002481 secs]2020-10-28T23:02:22.740+0800: 0.278: [scrub symbol table, 0.0003881 secs]2020-10-28T23:02:22.741+0800: 0.278: [scrub string table, 0.0002162 secs][1 CMS-remark: 86926K(87424K)] 109223K(126720K), 0.0020519 secs] [Times: user=0.00 sys=0.00, real=0.00 secs] 
2020-10-28T23:02:22.741+0800: 0.279: [CMS-concurrent-sweep-start]
2020-10-28T23:02:22.741+0800: 0.279: [CMS-concurrent-sweep: 0.000/0.000 secs] [Times: user=0.00 sys=0.00, real=0.00 secs] 
2020-10-28T23:02:22.741+0800: 0.279: [CMS-concurrent-reset-start]
2020-10-28T23:02:22.742+0800: 0.279: [CMS-concurrent-reset: 0.000/0.000 secs] [Times: user=0.00 sys=0.00, real=0.00 secs] 
2020-10-28T23:02:22.745+0800: 0.282: [GC (Allocation Failure) 2020-10-28T23:02:22.745+0800: 0.282: [ParNew: 39188K->39188K(39296K), 0.0000763 secs]2020-10-28T23:02:22.745+0800: 0.282: [CMS: 86926K->87358K(87424K), 0.0165424 secs] 126115K->104025K(126720K), [Metaspace: 2544K->2544K(1056768K)], 0.0168740 secs] [Times: user=0.01 sys=0.00, real=0.01 secs] 
2020-10-28T23:02:22.762+0800: 0.299: [GC (CMS Initial Mark) [1 CMS-initial-mark: 87358K(87424K)] 104627K(126720K), 0.0002389 secs] [Times: user=0.01 sys=0.00, real=0.00 secs] 
2020-10-28T23:02:22.762+0800: 0.300: [CMS-concurrent-mark-start]
2020-10-28T23:02:22.763+0800: 0.301: [CMS-concurrent-mark: 0.001/0.001 secs] [Times: user=0.00 sys=0.00, real=0.01 secs] 
2020-10-28T23:02:22.763+0800: 0.301: [CMS-concurrent-preclean-start]
2020-10-28T23:02:22.764+0800: 0.302: [CMS-concurrent-preclean: 0.001/0.001 secs] [Times: user=0.00 sys=0.00, real=0.00 secs] 
2020-10-28T23:02:22.764+0800: 0.302: [CMS-concurrent-abortable-preclean-start]
2020-10-28T23:02:22.764+0800: 0.302: [CMS-concurrent-abortable-preclean: 0.000/0.000 secs] [Times: user=0.00 sys=0.00, real=0.00 secs] 
2020-10-28T23:02:22.764+0800: 0.302: [GC (CMS Final Remark) [YG occupancy: 23332 K (39296 K)]2020-10-28T23:02:22.765+0800: 0.302: [Rescan (parallel) , 0.0004337 secs]2020-10-28T23:02:22.765+0800: 0.303: [weak refs processing, 0.0000543 secs]2020-10-28T23:02:22.765+0800: 0.303: [class unloading, 0.0003292 secs]2020-10-28T23:02:22.766+0800: 0.303: [scrub symbol table, 0.0004240 secs]2020-10-28T23:02:22.766+0800: 0.304: [scrub string table, 0.0002160 secs][1 CMS-remark: 87358K(87424K)] 110691K(126720K), 0.0018249 secs] [Times: user=0.00 sys=0.00, real=0.00 secs] 
2020-10-28T23:02:22.766+0800: 0.304: [CMS-concurrent-sweep-start]
2020-10-28T23:02:22.767+0800: 0.304: [CMS-concurrent-sweep: 0.000/0.000 secs] [Times: user=0.00 sys=0.00, real=0.00 secs] 
2020-10-28T23:02:22.767+0800: 0.305: [CMS-concurrent-reset-start]
2020-10-28T23:02:22.767+0800: 0.305: [CMS-concurrent-reset: 0.000/0.000 secs] [Times: user=0.00 sys=0.00, real=0.00 secs] 
2020-10-28T23:02:22.770+0800: 0.308: [GC (Allocation Failure) 2020-10-28T23:02:22.770+0800: 0.308: [ParNew: 39242K->39242K(39296K), 0.0000399 secs]2020-10-28T23:02:22.770+0800: 0.308: [CMS: 87358K->86863K(87424K), 0.0170769 secs] 126601K->110659K(126720K), [Metaspace: 2544K->2544K(1056768K)], 0.0173569 secs] [Times: user=0.01 sys=0.00, real=0.02 secs] 
2020-10-28T23:02:22.788+0800: 0.325: [GC (CMS Initial Mark) [1 CMS-initial-mark: 86863K(87424K)] 111439K(126720K), 0.0002288 secs] [Times: user=0.00 sys=0.00, real=0.00 secs] 
2020-10-28T23:02:22.788+0800: 0.326: [CMS-concurrent-mark-start]
2020-10-28T23:02:22.789+0800: 0.326: [CMS-concurrent-mark: 0.001/0.001 secs] [Times: user=0.01 sys=0.00, real=0.00 secs] 
2020-10-28T23:02:22.789+0800: 0.327: [CMS-concurrent-preclean-start]
2020-10-28T23:02:22.790+0800: 0.327: [CMS-concurrent-preclean: 0.001/0.001 secs] [Times: user=0.00 sys=0.00, real=0.00 secs] 
2020-10-28T23:02:22.790+0800: 0.328: [CMS-concurrent-abortable-preclean-start]
2020-10-28T23:02:22.790+0800: 0.328: [CMS-concurrent-abortable-preclean: 0.000/0.000 secs] [Times: user=0.00 sys=0.00, real=0.00 secs] 
2020-10-28T23:02:22.790+0800: 0.328: [GC (CMS Final Remark) [YG occupancy: 29481 K (39296 K)]2020-10-28T23:02:22.790+0800: 0.328: [Rescan (parallel) , 0.0003410 secs]2020-10-28T23:02:22.791+0800: 0.328: [weak refs processing, 0.0000424 secs]2020-10-28T23:02:22.791+0800: 0.328: [class unloading, 0.0002990 secs]2020-10-28T23:02:22.791+0800: 0.329: [scrub symbol table, 0.0004849 secs]2020-10-28T23:02:22.792+0800: 0.329: [scrub string table, 0.0003515 secs][1 CMS-remark: 86863K(87424K)] 116345K(126720K), 0.0017806 secs] [Times: user=0.00 sys=0.00, real=0.00 secs] 
2020-10-28T23:02:22.792+0800: 0.330: [CMS-concurrent-sweep-start]
2020-10-28T23:02:22.793+0800: 0.330: [CMS-concurrent-sweep: 0.000/0.000 secs] [Times: user=0.00 sys=0.00, real=0.00 secs] 
2020-10-28T23:02:22.793+0800: 0.330: [CMS-concurrent-reset-start]
2020-10-28T23:02:22.793+0800: 0.331: [CMS-concurrent-reset: 0.000/0.000 secs] [Times: user=0.00 sys=0.00, real=0.00 secs] 
2020-10-28T23:02:22.795+0800: 0.332: [GC (Allocation Failure) 2020-10-28T23:02:22.795+0800: 0.332: [ParNew: 39179K->39179K(39296K), 0.0000466 secs]2020-10-28T23:02:22.795+0800: 0.333: [CMS: 86863K->87323K(87424K), 0.0161054 secs] 126043K->115710K(126720K), [Metaspace: 2544K->2544K(1056768K)], 0.0163945 secs] [Times: user=0.01 sys=0.00, real=0.01 secs] 
2020-10-28T23:02:22.811+0800: 0.349: [GC (CMS Initial Mark) [1 CMS-initial-mark: 87323K(87424K)] 116130K(126720K), 0.0002589 secs] [Times: user=0.00 sys=0.00, real=0.00 secs] 
2020-10-28T23:02:22.812+0800: 0.349: [CMS-concurrent-mark-start]
2020-10-28T23:02:22.812+0800: 0.350: [CMS-concurrent-mark: 0.001/0.001 secs] [Times: user=0.00 sys=0.00, real=0.00 secs] 
2020-10-28T23:02:22.813+0800: 0.350: [CMS-concurrent-preclean-start]
2020-10-28T23:02:22.813+0800: 0.351: [CMS-concurrent-preclean: 0.001/0.001 secs] [Times: user=0.00 sys=0.00, real=0.00 secs] 
2020-10-28T23:02:22.813+0800: 0.351: [CMS-concurrent-abortable-preclean-start]
2020-10-28T23:02:22.813+0800: 0.351: [CMS-concurrent-abortable-preclean: 0.000/0.000 secs] [Times: user=0.00 sys=0.00, real=0.00 secs] 
2020-10-28T23:02:22.813+0800: 0.351: [GC (CMS Final Remark) [YG occupancy: 34032 K (39296 K)]2020-10-28T23:02:22.814+0800: 0.351: [Rescan (parallel) , 0.0003677 secs]2020-10-28T23:02:22.814+0800: 0.352: [weak refs processing, 0.0000293 secs]2020-10-28T23:02:22.814+0800: 0.352: [class unloading, 0.0003369 secs]2020-10-28T23:02:22.814+0800: 0.352: [scrub symbol table, 0.0005261 secs]2020-10-28T23:02:22.815+0800: 0.353: [scrub string table, 0.0003075 secs][1 CMS-remark: 87323K(87424K)] 121356K(126720K), 0.0018324 secs] [Times: user=0.00 sys=0.00, real=0.01 secs] 
2020-10-28T23:02:22.815+0800: 0.353: [CMS-concurrent-sweep-start]
2020-10-28T23:02:22.816+0800: 0.353: [CMS-concurrent-sweep: 0.000/0.000 secs] [Times: user=0.00 sys=0.00, real=0.00 secs] 
2020-10-28T23:02:22.816+0800: 0.353: [CMS-concurrent-reset-start]
2020-10-28T23:02:22.816+0800: 0.353: [CMS-concurrent-reset: 0.000/0.000 secs] [Times: user=0.00 sys=0.00, real=0.00 secs] 
2020-10-28T23:02:22.817+0800: 0.355: [GC (Allocation Failure) 2020-10-28T23:02:22.817+0800: 0.355: [ParNew: 39264K->39264K(39296K), 0.0000793 secs]2020-10-28T23:02:22.818+0800: 0.355: [CMS: 87323K->87400K(87424K), 0.0178416 secs] 126588K->119505K(126720K), [Metaspace: 2544K->2544K(1056768K)], 0.0183012 secs] [Times: user=0.02 sys=0.00, real=0.02 secs] 
2020-10-28T23:02:22.836+0800: 0.373: [GC (CMS Initial Mark) [1 CMS-initial-mark: 87400K(87424K)] 119577K(126720K), 0.0002190 secs] [Times: user=0.00 sys=0.00, real=0.00 secs] 
2020-10-28T23:02:22.836+0800: 0.374: [CMS-concurrent-mark-start]
2020-10-28T23:02:22.837+0800: 0.374: [CMS-concurrent-mark: 0.001/0.001 secs] [Times: user=0.00 sys=0.00, real=0.00 secs] 
2020-10-28T23:02:22.837+0800: 0.375: [CMS-concurrent-preclean-start]
2020-10-28T23:02:22.838+0800: 0.376: [CMS-concurrent-preclean: 0.001/0.001 secs] [Times: user=0.00 sys=0.00, real=0.00 secs] 
2020-10-28T23:02:22.838+0800: 0.376: [CMS-concurrent-abortable-preclean-start]
2020-10-28T23:02:22.838+0800: 0.376: [CMS-concurrent-abortable-preclean: 0.000/0.000 secs] [Times: user=0.00 sys=0.00, real=0.00 secs] 
2020-10-28T23:02:22.838+0800: 0.376: [GC (CMS Final Remark) [YG occupancy: 38067 K (39296 K)]2020-10-28T23:02:22.838+0800: 0.376: [Rescan (parallel) , 0.0005089 secs]2020-10-28T23:02:22.839+0800: 0.377: [weak refs processing, 0.0000487 secs]2020-10-28T23:02:22.839+0800: 0.377: [class unloading, 0.0002932 secs]2020-10-28T23:02:22.839+0800: 0.377: [scrub symbol table, 0.0004444 secs]2020-10-28T23:02:22.840+0800: 0.378: [scrub string table, 0.0003316 secs][1 CMS-remark: 87400K(87424K)] 125468K(126720K), 0.0019261 secs] [Times: user=0.00 sys=0.00, real=0.00 secs] 
2020-10-28T23:02:22.840+0800: 0.378: [CMS-concurrent-sweep-start]
2020-10-28T23:02:22.841+0800: 0.378: [CMS-concurrent-sweep: 0.000/0.000 secs] [Times: user=0.00 sys=0.00, real=0.00 secs] 
2020-10-28T23:02:22.841+0800: 0.378: [Full GC (Allocation Failure) 2020-10-28T23:02:22.841+0800: 0.378: [CMS: 87400K->87065K(87424K), 0.0200123 secs] 126610K->121298K(126720K), [Metaspace: 2544K->2544K(1056768K)], 0.0201819 secs] [Times: user=0.02 sys=0.01, real=0.02 secs] 
2020-10-28T23:02:22.863+0800: 0.401: [Full GC (Allocation Failure) 2020-10-28T23:02:22.863+0800: 0.401: [CMS: 87356K->87386K(87424K), 0.0184760 secs] 126649K->121665K(126720K), [Metaspace: 2544K->2544K(1056768K)], 0.0186863 secs] [Times: user=0.02 sys=0.00, real=0.01 secs] 
2020-10-28T23:02:22.882+0800: 0.420: [GC (CMS Initial Mark) [1 CMS-initial-mark: 87386K(87424K)] 121809K(126720K), 0.0002464 secs] [Times: user=0.00 sys=0.00, real=0.00 secs] 
2020-10-28T23:02:22.882+0800: 0.420: [CMS-concurrent-mark-start]
2020-10-28T23:02:22.884+0800: 0.421: [CMS-concurrent-mark: 0.001/0.001 secs] [Times: user=0.00 sys=0.00, real=0.01 secs] 
2020-10-28T23:02:22.884+0800: 0.421: [CMS-concurrent-preclean-start]
2020-10-28T23:02:22.884+0800: 0.422: [Full GC (Allocation Failure) 2020-10-28T23:02:22.884+0800: 0.422: [CMS2020-10-28T23:02:22.885+0800: 0.422: [CMS-concurrent-preclean: 0.001/0.001 secs] [Times: user=0.00 sys=0.00, real=0.00 secs] 
 (concurrent mode failure): 87386K->87200K(87424K), 0.0138214 secs] 126378K->122880K(126720K), [Metaspace: 2544K->2544K(1056768K)], 0.0140703 secs] [Times: user=0.02 sys=0.00, real=0.01 secs] 
2020-10-28T23:02:22.899+0800: 0.437: [Full GC (Allocation Failure) 2020-10-28T23:02:22.899+0800: 0.437: [CMS: 87326K->87176K(87424K), 0.0062205 secs] 126618K->124287K(126720K), [Metaspace: 2544K->2544K(1056768K)], 0.0064717 secs] [Times: user=0.00 sys=0.00, real=0.01 secs] 
2020-10-28T23:02:22.906+0800: 0.443: [GC (CMS Initial Mark) [1 CMS-initial-mark: 87176K(87424K)] 124431K(126720K), 0.0002444 secs] [Times: user=0.00 sys=0.00, real=0.00 secs] 
2020-10-28T23:02:22.906+0800: 0.444: [CMS-concurrent-mark-start]
2020-10-28T23:02:22.907+0800: 0.444: [Full GC (Allocation Failure) 2020-10-28T23:02:22.907+0800: 0.445: [CMS2020-10-28T23:02:22.908+0800: 0.446: [CMS-concurrent-mark: 0.001/0.002 secs] [Times: user=0.01 sys=0.00, real=0.00 secs] 
 (concurrent mode failure): 87176K->87398K(87424K), 0.0091045 secs] 126403K->123985K(126720K), [Metaspace: 2544K->2544K(1056768K)], 0.0094471 secs] [Times: user=0.01 sys=0.00, real=0.01 secs] 
2020-10-28T23:02:22.917+0800: 0.454: [Full GC (Allocation Failure) 2020-10-28T23:02:22.917+0800: 0.454: [CMS: 87398K->87398K(87424K), 0.0031185 secs] 125932K->124842K(126720K), [Metaspace: 2544K->2544K(1056768K)], 0.0033689 secs] [Times: user=0.00 sys=0.00, real=0.00 secs] 
2020-10-28T23:02:22.920+0800: 0.458: [GC (CMS Initial Mark) [1 CMS-initial-mark: 87398K(87424K)] 125613K(126720K), 0.0002491 secs] [Times: user=0.00 sys=0.00, real=0.00 secs] 
2020-10-28T23:02:22.921+0800: 0.458: [CMS-concurrent-mark-start]
2020-10-28T23:02:22.921+0800: 0.458: [Full GC (Allocation Failure) 2020-10-28T23:02:22.921+0800: 0.458: [CMS2020-10-28T23:02:22.923+0800: 0.460: [CMS-concurrent-mark: 0.001/0.002 secs] [Times: user=0.00 sys=0.00, real=0.01 secs] 
 (concurrent mode failure): 87398K->87398K(87424K), 0.0043550 secs] 126485K->125884K(126720K), [Metaspace: 2544K->2544K(1056768K)], 0.0045821 secs] [Times: user=0.00 sys=0.00, real=0.01 secs] 
2020-10-28T23:02:22.926+0800: 0.464: [Full GC (Allocation Failure) 2020-10-28T23:02:22.926+0800: 0.464: [CMS: 87398K->87398K(87424K), 0.0021972 secs] 126600K->125884K(126720K), [Metaspace: 2544K->2544K(1056768K)], 0.0023846 secs] [Times: user=0.01 sys=0.00, real=0.00 secs] 
2020-10-28T23:02:22.929+0800: 0.467: [GC (CMS Initial Mark) [1 CMS-initial-mark: 87398K(87424K)] 126538K(126720K), 0.0002585 secs] [Times: user=0.00 sys=0.00, real=0.00 secs] 
2020-10-28T23:02:22.929+0800: 0.467: [CMS-concurrent-mark-start]
2020-10-28T23:02:22.929+0800: 0.467: [Full GC (Allocation Failure) 2020-10-28T23:02:22.929+0800: 0.467: [CMS2020-10-28T23:02:22.931+0800: 0.469: [CMS-concurrent-mark: 0.001/0.002 secs] [Times: user=0.00 sys=0.00, real=0.00 secs] 
 (concurrent mode failure): 87398K->87398K(87424K), 0.0044024 secs] 126640K->125884K(126720K), [Metaspace: 2544K->2544K(1056768K)], 0.0045146 secs] [Times: user=0.00 sys=0.00, real=0.00 secs] 
2020-10-28T23:02:22.934+0800: 0.472: [Full GC (Allocation Failure) 2020-10-28T23:02:22.934+0800: 0.472: [CMS: 87398K->87398K(87424K), 0.0020802 secs] 126550K->125884K(126720K), [Metaspace: 2544K->2544K(1056768K)], 0.0022276 secs] [Times: user=0.01 sys=0.00, real=0.01 secs] 
2020-10-28T23:02:22.937+0800: 0.474: [GC (CMS Initial Mark) [1 CMS-initial-mark: 87398K(87424K)] 126025K(126720K), 0.0001758 secs] [Times: user=0.00 sys=0.00, real=0.00 secs] 
2020-10-28T23:02:22.937+0800: 0.474: [CMS-concurrent-mark-start]
2020-10-28T23:02:22.937+0800: 0.475: [Full GC (Allocation Failure) 2020-10-28T23:02:22.937+0800: 0.475: [CMS2020-10-28T23:02:22.939+0800: 0.476: [CMS-concurrent-mark: 0.001/0.002 secs] [Times: user=0.00 sys=0.00, real=0.00 secs] 
 (concurrent mode failure): 87398K->87398K(87424K), 0.0041782 secs] 126234K->125933K(126720K), [Metaspace: 2544K->2544K(1056768K)], 0.0042894 secs] [Times: user=0.00 sys=0.00, real=0.00 secs] 
2020-10-28T23:02:22.942+0800: 0.479: [Full GC (Allocation Failure) 2020-10-28T23:02:22.942+0800: 0.479: [CMS: 87398K->87398K(87424K), 0.0029616 secs] 126605K->125933K(126720K), [Metaspace: 2544K->2544K(1056768K)], 0.0031267 secs] [Times: user=0.00 sys=0.00, real=0.01 secs] 
2020-10-28T23:02:22.945+0800: 0.483: [GC (CMS Initial Mark) [1 CMS-initial-mark: 87398K(87424K)] 126133K(126720K), 0.0002113 secs] [Times: user=0.00 sys=0.00, real=0.00 secs] 
2020-10-28T23:02:22.945+0800: 0.483: [CMS-concurrent-mark-start]
2020-10-28T23:02:22.945+0800: 0.483: [Full GC (Allocation Failure) 2020-10-28T23:02:22.945+0800: 0.483: [CMS2020-10-28T23:02:22.947+0800: 0.485: [CMS-concurrent-mark: 0.001/0.002 secs] [Times: user=0.01 sys=0.00, real=0.00 secs] 
 (concurrent mode failure): 87398K->87398K(87424K), 0.0079675 secs] 126679K->126036K(126720K), [Metaspace: 2544K->2544K(1056768K)], 0.0081143 secs] [Times: user=0.00 sys=0.00, real=0.00 secs] 
2020-10-28T23:02:22.954+0800: 0.491: [Full GC (Allocation Failure) 2020-10-28T23:02:22.954+0800: 0.491: [CMS: 87398K->87398K(87424K), 0.0020939 secs] 126346K->125892K(126720K), [Metaspace: 2544K->2544K(1056768K)], 0.0022201 secs] [Times: user=0.01 sys=0.00, real=0.01 secs] 
2020-10-28T23:02:22.956+0800: 0.494: [Full GC (Allocation Failure) 2020-10-28T23:02:22.956+0800: 0.494: [CMS: 87398K->87420K(87424K), 0.0182667 secs] 125892K->125873K(126720K), [Metaspace: 2544K->2544K(1056768K)], 0.0184259 secs] [Times: user=0.01 sys=0.00, real=0.02 secs] 
2020-10-28T23:02:22.975+0800: 0.512: [GC (CMS Initial Mark) [1 CMS-initial-mark: 87420K(87424K)] 125873K(126720K), 0.0002805 secs] [Times: user=0.01 sys=0.00, real=0.00 secs] 
2020-10-28T23:02:22.975+0800: 0.513: [CMS-concurrent-mark-start]
2020-10-28T23:02:22.976+0800: 0.513: [CMS-concurrent-mark: 0.001/0.001 secs] [Times: user=0.00 sys=0.00, real=0.00 secs] 
2020-10-28T23:02:22.976+0800: 0.514: [CMS-concurrent-preclean-start]
2020-10-28T23:02:22.977+0800: 0.514: [CMS-concurrent-preclean: 0.001/0.001 secs] [Times: user=0.00 sys=0.00, real=0.00 secs] 
2020-10-28T23:02:22.977+0800: 0.515: [CMS-concurrent-abortable-preclean-start]
2020-10-28T23:02:22.977+0800: 0.515: [CMS-concurrent-abortable-preclean: 0.000/0.000 secs] [Times: user=0.00 sys=0.00, real=0.00 secs] 
2020-10-28T23:02:22.977+0800: 0.515: [GC (CMS Final Remark) [YG occupancy: 38482 K (39296 K)]2020-10-28T23:02:22.977+0800: 0.515: [Rescan (parallel) , 0.0005385 secs]2020-10-28T23:02:22.978+0800: 0.516: [weak refs processing, 0.0000647 secs]2020-10-28T23:02:22.978+0800: 0.516: [class unloading, 0.0004657 secs]2020-10-28T23:02:22.979+0800: 0.516: [scrub symbol table, 0.0003888 secs]2020-10-28T23:02:22.979+0800: 0.517: [scrub string table, 0.0002970 secs][1 CMS-remark: 87420K(87424K)] 125903K(126720K), 0.0021408 secs] [Times: user=0.00 sys=0.00, real=0.00 secs] 
2020-10-28T23:02:22.980+0800: 0.517: [CMS-concurrent-sweep-start]
2020-10-28T23:02:22.980+0800: 0.517: [CMS-concurrent-sweep: 0.000/0.000 secs] [Times: user=0.00 sys=0.00, real=0.00 secs] 
2020-10-28T23:02:22.980+0800: 0.517: [CMS-concurrent-reset-start]
2020-10-28T23:02:22.980+0800: 0.518: [CMS-concurrent-reset: 0.000/0.000 secs] [Times: user=0.00 sys=0.00, real=0.00 secs] 
Heap
 par new generation   total 39296K, used 38629K [0x00000000f8000000, 0x00000000faaa0000, 0x00000000faaa0000)
  eden space 34944K, 100% used [0x00000000f8000000, 0x00000000fa220000, 0x00000000fa220000)
  from space 4352K,  84% used [0x00000000fa660000, 0x00000000fa9f94d8, 0x00000000faaa0000)
  to   space 4352K,   0% used [0x00000000fa220000, 0x00000000fa220000, 0x00000000fa660000)
 concurrent mark-sweep generation total 87424K, used 87420K [0x00000000faaa0000, 0x0000000100000000, 0x0000000100000000)
 Metaspace       used 2575K, capacity 4486K, committed 4864K, reserved 1056768K
  class space    used 279K, capacity 386K, committed 512K, reserved 1048576K
