Java HotSpot(TM) 64-Bit Server VM (25.144-b01) for linux-amd64 JRE (1.8.0_144-b01), built on Jul 21 2017 21:57:33 by "java_re" with gcc 4.3.0 20080428 (Red Hat 4.3.0-8)
Memory: 4k page, physical 15391936k(5210848k free), swap 10485756k(10485756k free)
CommandLine flags: -XX:InitialHeapSize=134217728 -XX:MaxHeapSize=134217728 -XX:+PrintGC -XX:+PrintGCDateStamps -XX:+PrintGCDetails -XX:+PrintGCTimeStamps -XX:+UseCompressedClassPointers -XX:+UseCompressedOops -XX:+UseParallelGC 
2020-10-28T23:05:30.880+0800: 0.092: [GC (Allocation Failure) [PSYoungGen: 33280K->5114K(38400K)] 33280K->10802K(125952K), 0.0042676 secs] [Times: user=0.00 sys=0.02, real=0.01 secs] 
2020-10-28T23:05:30.898+0800: 0.110: [GC (Allocation Failure) [PSYoungGen: 37916K->5118K(38400K)] 43605K->19517K(125952K), 0.0035608 secs] [Times: user=0.01 sys=0.01, real=0.00 secs] 
2020-10-28T23:05:30.911+0800: 0.123: [GC (Allocation Failure) [PSYoungGen: 37929K->5110K(38400K)] 52328K->31248K(125952K), 0.0046148 secs] [Times: user=0.01 sys=0.01, real=0.01 secs] 
2020-10-28T23:05:30.924+0800: 0.136: [GC (Allocation Failure) [PSYoungGen: 38117K->5111K(38400K)] 64254K->42993K(125952K), 0.0063617 secs] [Times: user=0.01 sys=0.02, real=0.00 secs] 
2020-10-28T23:05:30.942+0800: 0.154: [GC (Allocation Failure) [PSYoungGen: 38292K->5109K(38400K)] 76174K->57272K(125952K), 0.0053674 secs] [Times: user=0.03 sys=0.00, real=0.01 secs] 
2020-10-28T23:05:30.957+0800: 0.169: [GC (Allocation Failure) [PSYoungGen: 38243K->5119K(19968K)] 90406K->67470K(107520K), 0.0038931 secs] [Times: user=0.01 sys=0.01, real=0.00 secs] 
2020-10-28T23:05:30.966+0800: 0.178: [GC (Allocation Failure) [PSYoungGen: 19535K->9235K(29184K)] 81886K->73442K(116736K), 0.0027477 secs] [Times: user=0.02 sys=0.00, real=0.00 secs] 
2020-10-28T23:05:30.973+0800: 0.186: [GC (Allocation Failure) [PSYoungGen: 24083K->13312K(29184K)] 88290K->78113K(116736K), 0.0042054 secs] [Times: user=0.03 sys=0.00, real=0.01 secs] 
2020-10-28T23:05:30.983+0800: 0.195: [GC (Allocation Failure) [PSYoungGen: 28041K->14188K(29184K)] 92842K->82424K(116736K), 0.0036190 secs] [Times: user=0.01 sys=0.01, real=0.00 secs] 
2020-10-28T23:05:30.992+0800: 0.204: [GC (Allocation Failure) [PSYoungGen: 29036K->9570K(29184K)] 97272K->87653K(116736K), 0.0045390 secs] [Times: user=0.01 sys=0.01, real=0.01 secs] 
2020-10-28T23:05:30.996+0800: 0.208: [Full GC (Ergonomics) [PSYoungGen: 9570K->0K(29184K)] [ParOldGen: 78082K->77699K(87552K)] 87653K->77699K(116736K), [Metaspace: 2544K->2544K(1056768K)], 0.0141996 secs] [Times: user=0.08 sys=0.00, real=0.01 secs] 
2020-10-28T23:05:31.015+0800: 0.227: [Full GC (Ergonomics) [PSYoungGen: 14721K->0K(29184K)] [ParOldGen: 77699K->80520K(87552K)] 92420K->80520K(116736K), [Metaspace: 2544K->2544K(1056768K)], 0.0158465 secs] [Times: user=0.08 sys=0.02, real=0.01 secs] 
2020-10-28T23:05:31.036+0800: 0.248: [Full GC (Ergonomics) [PSYoungGen: 14784K->0K(29184K)] [ParOldGen: 80520K->83425K(87552K)] 95305K->83425K(116736K), [Metaspace: 2544K->2544K(1056768K)], 0.0157924 secs] [Times: user=0.08 sys=0.02, real=0.01 secs] 
2020-10-28T23:05:31.055+0800: 0.268: [Full GC (Ergonomics) [PSYoungGen: 14485K->362K(29184K)] [ParOldGen: 83425K->87290K(87552K)] 97910K->87653K(116736K), [Metaspace: 2544K->2544K(1056768K)], 0.0089979 secs] [Times: user=0.05 sys=0.01, real=0.01 secs] 
2020-10-28T23:05:31.068+0800: 0.280: [Full GC (Ergonomics) [PSYoungGen: 14848K->1747K(29184K)] [ParOldGen: 87290K->87417K(87552K)] 102138K->89164K(116736K), [Metaspace: 2544K->2544K(1056768K)], 0.0130753 secs] [Times: user=0.08 sys=0.00, real=0.01 secs] 
2020-10-28T23:05:31.084+0800: 0.296: [Full GC (Ergonomics) [PSYoungGen: 14658K->4436K(29184K)] [ParOldGen: 87417K->87314K(87552K)] 102076K->91751K(116736K), [Metaspace: 2544K->2544K(1056768K)], 0.0117555 secs] [Times: user=0.07 sys=0.00, real=0.01 secs] 
2020-10-28T23:05:31.099+0800: 0.311: [Full GC (Ergonomics) [PSYoungGen: 14756K->8193K(29184K)] [ParOldGen: 87314K->87484K(87552K)] 102071K->95677K(116736K), [Metaspace: 2544K->2544K(1056768K)], 0.0105910 secs] [Times: user=0.06 sys=0.00, real=0.01 secs] 
2020-10-28T23:05:31.112+0800: 0.324: [Full GC (Ergonomics) [PSYoungGen: 14848K->10226K(29184K)] [ParOldGen: 87484K->87121K(87552K)] 102332K->97347K(116736K), [Metaspace: 2544K->2544K(1056768K)], 0.0122580 secs] [Times: user=0.07 sys=0.00, real=0.02 secs] 
2020-10-28T23:05:31.126+0800: 0.338: [Full GC (Ergonomics) [PSYoungGen: 14566K->10891K(29184K)] [ParOldGen: 87121K->87228K(87552K)] 101687K->98120K(116736K), [Metaspace: 2544K->2544K(1056768K)], 0.0213913 secs] [Times: user=0.12 sys=0.01, real=0.02 secs] 
2020-10-28T23:05:31.148+0800: 0.360: [Full GC (Ergonomics) [PSYoungGen: 14744K->12108K(29184K)] [ParOldGen: 87228K->87228K(87552K)] 101972K->99337K(116736K), [Metaspace: 2544K->2544K(1056768K)], 0.0025325 secs] [Times: user=0.01 sys=0.00, real=0.00 secs] 
2020-10-28T23:05:31.152+0800: 0.364: [Full GC (Ergonomics) [PSYoungGen: 14632K->13116K(29184K)] [ParOldGen: 87228K->86980K(87552K)] 101861K->100097K(116736K), [Metaspace: 2544K->2544K(1056768K)], 0.0119434 secs] [Times: user=0.06 sys=0.00, real=0.02 secs] 
2020-10-28T23:05:31.164+0800: 0.376: [Full GC (Ergonomics) [PSYoungGen: 14799K->13897K(29184K)] [ParOldGen: 86980K->86980K(87552K)] 101780K->100878K(116736K), [Metaspace: 2544K->2544K(1056768K)], 0.0039016 secs] [Times: user=0.00 sys=0.00, real=0.00 secs] 
2020-10-28T23:05:31.169+0800: 0.381: [Full GC (Ergonomics) [PSYoungGen: 14825K->13285K(29184K)] [ParOldGen: 86980K->87177K(87552K)] 101806K->100462K(116736K), [Metaspace: 2544K->2544K(1056768K)], 0.0135305 secs] [Times: user=0.08 sys=0.00, real=0.01 secs] 
2020-10-28T23:05:31.183+0800: 0.395: [Full GC (Ergonomics) [PSYoungGen: 14702K->13688K(29184K)] [ParOldGen: 87177K->87177K(87552K)] 101879K->100865K(116736K), [Metaspace: 2544K->2544K(1056768K)], 0.0023363 secs] [Times: user=0.00 sys=0.00, real=0.00 secs] 
2020-10-28T23:05:31.186+0800: 0.398: [Full GC (Ergonomics) [PSYoungGen: 14837K->14211K(29184K)] [ParOldGen: 87177K->87177K(87552K)] 102014K->101388K(116736K), [Metaspace: 2544K->2544K(1056768K)], 0.0025432 secs] [Times: user=0.01 sys=0.00, real=0.00 secs] 
2020-10-28T23:05:31.189+0800: 0.401: [Full GC (Ergonomics) [PSYoungGen: 14681K->14427K(29184K)] [ParOldGen: 87177K->87177K(87552K)] 101858K->101604K(116736K), [Metaspace: 2544K->2544K(1056768K)], 0.0024245 secs] [Times: user=0.01 sys=0.00, real=0.00 secs] 
2020-10-28T23:05:31.192+0800: 0.404: [Full GC (Ergonomics) [PSYoungGen: 14623K->14335K(29184K)] [ParOldGen: 87177K->87165K(87552K)] 101800K->101501K(116736K), [Metaspace: 2544K->2544K(1056768K)], 0.0027679 secs] [Times: user=0.00 sys=0.01, real=0.01 secs] 
2020-10-28T23:05:31.195+0800: 0.407: [Full GC (Ergonomics) [PSYoungGen: 14729K->13533K(29184K)] [ParOldGen: 87165K->87546K(87552K)] 101895K->101079K(116736K), [Metaspace: 2544K->2544K(1056768K)], 0.0123588 secs] [Times: user=0.08 sys=0.00, real=0.01 secs] 
2020-10-28T23:05:31.208+0800: 0.420: [Full GC (Ergonomics) [PSYoungGen: 14844K->13873K(29184K)] [ParOldGen: 87546K->87546K(87552K)] 102390K->101419K(116736K), [Metaspace: 2544K->2544K(1056768K)], 0.0030367 secs] [Times: user=0.00 sys=0.00, real=0.00 secs] 
2020-10-28T23:05:31.212+0800: 0.424: [Full GC (Ergonomics) [PSYoungGen: 14785K->14127K(29184K)] [ParOldGen: 87546K->87546K(87552K)] 102331K->101674K(116736K), [Metaspace: 2544K->2544K(1056768K)], 0.0026303 secs] [Times: user=0.01 sys=0.00, real=0.00 secs] 
2020-10-28T23:05:31.215+0800: 0.427: [Full GC (Ergonomics) [PSYoungGen: 14800K->14548K(29184K)] [ParOldGen: 87546K->87371K(87552K)] 102347K->101919K(116736K), [Metaspace: 2544K->2544K(1056768K)], 0.0034613 secs] [Times: user=0.01 sys=0.00, real=0.00 secs] 
2020-10-28T23:05:31.219+0800: 0.431: [Full GC (Ergonomics) [PSYoungGen: 14692K->14620K(29184K)] [ParOldGen: 87371K->87371K(87552K)] 102063K->101991K(116736K), [Metaspace: 2544K->2544K(1056768K)], 0.0022543 secs] [Times: user=0.01 sys=0.00, real=0.00 secs] 
2020-10-28T23:05:31.221+0800: 0.433: [Full GC (Allocation Failure) [PSYoungGen: 14620K->14620K(29184K)] [ParOldGen: 87371K->87352K(87552K)] 101991K->101972K(116736K), [Metaspace: 2544K->2544K(1056768K)], 0.0144695 secs] [Times: user=0.08 sys=0.00, real=0.02 secs] 
Heap
 PSYoungGen      total 29184K, used 14848K [0x00000000fd580000, 0x0000000100000000, 0x0000000100000000)
  eden space 14848K, 100% used [0x00000000fd580000,0x00000000fe400000,0x00000000fe400000)
  from space 14336K, 0% used [0x00000000ff200000,0x00000000ff200000,0x0000000100000000)
  to   space 14336K, 0% used [0x00000000fe400000,0x00000000fe400000,0x00000000ff200000)
 ParOldGen       total 87552K, used 87352K [0x00000000f8000000, 0x00000000fd580000, 0x00000000fd580000)
  object space 87552K, 99% used [0x00000000f8000000,0x00000000fd54e240,0x00000000fd580000)
 Metaspace       used 2575K, capacity 4486K, committed 4864K, reserved 1056768K
  class space    used 279K, capacity 386K, committed 512K, reserved 1048576K
