Java HotSpot(TM) 64-Bit Server VM (25.144-b01) for linux-amd64 JRE (1.8.0_144-b01), built on Jul 21 2017 21:57:33 by "java_re" with gcc 4.3.0 20080428 (Red Hat 4.3.0-8)
Memory: 4k page, physical 15391936k(5218708k free), swap 10485756k(10485756k free)
CommandLine flags: -XX:InitialHeapSize=134217728 -XX:MaxHeapSize=134217728 -XX:+PrintGC -XX:+PrintGCDateStamps -XX:+PrintGCDetails -XX:+PrintGCTimeStamps -XX:+UseCompressedClassPointers -XX:+UseCompressedOops -XX:+UseSerialGC 
2020-10-28T23:05:23.473+0800: 0.088: [GC (Allocation Failure) 2020-10-28T23:05:23.473+0800: 0.088: [DefNew: 34944K->4352K(39296K), 0.0068312 secs] 34944K->10476K(126720K), 0.0070549 secs] [Times: user=0.00 sys=0.01, real=0.01 secs] 
2020-10-28T23:05:23.497+0800: 0.112: [GC (Allocation Failure) 2020-10-28T23:05:23.497+0800: 0.112: [DefNew: 39296K->4348K(39296K), 0.0078623 secs] 45420K->21942K(126720K), 0.0080604 secs] [Times: user=0.01 sys=0.00, real=0.01 secs] 
2020-10-28T23:05:23.515+0800: 0.131: [GC (Allocation Failure) 2020-10-28T23:05:23.515+0800: 0.131: [DefNew: 39268K->4345K(39296K), 0.0065418 secs] 56862K->34423K(126720K), 0.0068137 secs] [Times: user=0.01 sys=0.00, real=0.00 secs] 
2020-10-28T23:05:23.532+0800: 0.148: [GC (Allocation Failure) 2020-10-28T23:05:23.533+0800: 0.148: [DefNew: 39279K->4351K(39296K), 0.0073644 secs] 69358K->48527K(126720K), 0.0076695 secs] [Times: user=0.00 sys=0.00, real=0.01 secs] 
2020-10-28T23:05:23.551+0800: 0.167: [GC (Allocation Failure) 2020-10-28T23:05:23.551+0800: 0.167: [DefNew: 39295K->4345K(39296K), 0.0067940 secs] 83471K->59068K(126720K), 0.0070151 secs] [Times: user=0.01 sys=0.00, real=0.01 secs] 
2020-10-28T23:05:23.569+0800: 0.185: [GC (Allocation Failure) 2020-10-28T23:05:23.569+0800: 0.185: [DefNew: 39046K->4350K(39296K), 0.0062842 secs] 93769K->69448K(126720K), 0.0064988 secs] [Times: user=0.01 sys=0.00, real=0.01 secs] 
2020-10-28T23:05:23.585+0800: 0.200: [GC (Allocation Failure) 2020-10-28T23:05:23.585+0800: 0.201: [DefNew: 39190K->4346K(39296K), 0.0066402 secs] 104288K->82118K(126720K), 0.0068574 secs] [Times: user=0.01 sys=0.01, real=0.00 secs] 
2020-10-28T23:05:23.601+0800: 0.216: [GC (Allocation Failure) 2020-10-28T23:05:23.601+0800: 0.216: [DefNew: 39169K->39169K(39296K), 0.0000926 secs]2020-10-28T23:05:23.601+0800: 0.217: [Tenured: 77772K->87328K(87424K), 0.0155505 secs] 116941K->88769K(126720K), [Metaspace: 2544K->2544K(1056768K)], 0.0160084 secs] [Times: user=0.01 sys=0.00, real=0.02 secs] 
2020-10-28T23:05:23.629+0800: 0.244: [Full GC (Allocation Failure) 2020-10-28T23:05:23.629+0800: 0.244: [Tenured: 87328K->87402K(87424K), 0.0135790 secs] 126565K->97616K(126720K), [Metaspace: 2544K->2544K(1056768K)], 0.0138974 secs] [Times: user=0.01 sys=0.00, real=0.02 secs] 
2020-10-28T23:05:23.650+0800: 0.266: [Full GC (Allocation Failure) 2020-10-28T23:05:23.650+0800: 0.266: [Tenured: 87402K->87423K(87424K), 0.0140081 secs] 126537K->108427K(126720K), [Metaspace: 2544K->2544K(1056768K)], 0.0142194 secs] [Times: user=0.01 sys=0.00, real=0.02 secs] 
2020-10-28T23:05:23.669+0800: 0.285: [Full GC (Allocation Failure) 2020-10-28T23:05:23.669+0800: 0.285: [Tenured: 87423K->87256K(87424K), 0.0167224 secs] 126598K->105590K(126720K), [Metaspace: 2544K->2544K(1056768K)], 0.0169225 secs] [Times: user=0.01 sys=0.00, real=0.02 secs] 
2020-10-28T23:05:23.691+0800: 0.307: [Full GC (Allocation Failure) 2020-10-28T23:05:23.691+0800: 0.307: [Tenured: 87256K->87256K(87424K), 0.0056603 secs] 126311K->113239K(126720K), [Metaspace: 2544K->2544K(1056768K)], 0.0058301 secs] [Times: user=0.00 sys=0.00, real=0.01 secs] 
2020-10-28T23:05:23.701+0800: 0.316: [Full GC (Allocation Failure) 2020-10-28T23:05:23.701+0800: 0.317: [Tenured: 87256K->87256K(87424K), 0.0052193 secs] 126314K->118384K(126720K), [Metaspace: 2544K->2544K(1056768K)], 0.0054177 secs] [Times: user=0.00 sys=0.00, real=0.01 secs] 
2020-10-28T23:05:23.708+0800: 0.324: [Full GC (Allocation Failure) 2020-10-28T23:05:23.709+0800: 0.324: [Tenured: 87344K->87344K(87424K), 0.0034016 secs] 126605K->119496K(126720K), [Metaspace: 2544K->2544K(1056768K)], 0.0036231 secs] [Times: user=0.00 sys=0.00, real=0.00 secs] 
2020-10-28T23:05:23.714+0800: 0.330: [Full GC (Allocation Failure) 2020-10-28T23:05:23.714+0800: 0.330: [Tenured: 87344K->87367K(87424K), 0.0172746 secs] 126306K->116825K(126720K), [Metaspace: 2544K->2544K(1056768K)], 0.0174451 secs] [Times: user=0.02 sys=0.00, real=0.02 secs] 
2020-10-28T23:05:23.735+0800: 0.350: [Full GC (Allocation Failure) 2020-10-28T23:05:23.735+0800: 0.350: [Tenured: 87367K->87367K(87424K), 0.0024529 secs] 126446K->121718K(126720K), [Metaspace: 2544K->2544K(1056768K)], 0.0026333 secs] [Times: user=0.00 sys=0.00, real=0.00 secs] 
2020-10-28T23:05:23.739+0800: 0.355: [Full GC (Allocation Failure) 2020-10-28T23:05:23.739+0800: 0.355: [Tenured: 87367K->87367K(87424K), 0.0061918 secs] 126607K->123200K(126720K), [Metaspace: 2544K->2544K(1056768K)], 0.0063765 secs] [Times: user=0.00 sys=0.00, real=0.01 secs] 
2020-10-28T23:05:23.747+0800: 0.363: [Full GC (Allocation Failure) 2020-10-28T23:05:23.747+0800: 0.363: [Tenured: 87403K->87403K(87424K), 0.0065804 secs] 126669K->124288K(126720K), [Metaspace: 2544K->2544K(1056768K)], 0.0067887 secs] [Times: user=0.01 sys=0.00, real=0.00 secs] 
2020-10-28T23:05:23.755+0800: 0.370: [Full GC (Allocation Failure) 2020-10-28T23:05:23.755+0800: 0.371: [Tenured: 87403K->87347K(87424K), 0.0178687 secs] 126395K->123986K(126720K), [Metaspace: 2544K->2544K(1056768K)], 0.0180449 secs] [Times: user=0.02 sys=0.00, real=0.01 secs] 
2020-10-28T23:05:23.774+0800: 0.389: [Full GC (Allocation Failure) 2020-10-28T23:05:23.774+0800: 0.389: [Tenured: 87347K->87347K(87424K), 0.0030915 secs] 126471K->125768K(126720K), [Metaspace: 2544K->2544K(1056768K)], 0.0032346 secs] [Times: user=0.00 sys=0.00, real=0.01 secs] 
2020-10-28T23:05:23.777+0800: 0.393: [Full GC (Allocation Failure) 2020-10-28T23:05:23.777+0800: 0.393: [Tenured: 87347K->87347K(87424K), 0.0025911 secs] 126452K->125977K(126720K), [Metaspace: 2544K->2544K(1056768K)], 0.0027988 secs] [Times: user=0.01 sys=0.00, real=0.00 secs] 
2020-10-28T23:05:23.780+0800: 0.396: [Full GC (Allocation Failure) 2020-10-28T23:05:23.780+0800: 0.396: [Tenured: 87347K->87347K(87424K), 0.0026127 secs] 126493K->126049K(126720K), [Metaspace: 2544K->2544K(1056768K)], 0.0028402 secs] [Times: user=0.00 sys=0.00, real=0.01 secs] 
2020-10-28T23:05:23.783+0800: 0.399: [Full GC (Allocation Failure) 2020-10-28T23:05:23.783+0800: 0.399: [Tenured: 87347K->86959K(87424K), 0.0105743 secs] 126465K->125589K(126720K), [Metaspace: 2544K->2544K(1056768K)], 0.0107380 secs] [Times: user=0.01 sys=0.00, real=0.00 secs] 
2020-10-28T23:05:23.794+0800: 0.410: [Full GC (Allocation Failure) 2020-10-28T23:05:23.794+0800: 0.410: [Tenured: 86959K->86959K(87424K), 0.0018128 secs] 125809K->125809K(126720K), [Metaspace: 2544K->2544K(1056768K)], 0.0019137 secs] [Times: user=0.00 sys=0.00, real=0.01 secs] 
2020-10-28T23:05:23.796+0800: 0.412: [Full GC (Allocation Failure) 2020-10-28T23:05:23.796+0800: 0.412: [Tenured: 86959K->86940K(87424K), 0.0123158 secs] 125809K->125790K(126720K), [Metaspace: 2544K->2544K(1056768K)], 0.0124518 secs] [Times: user=0.02 sys=0.00, real=0.01 secs] 
Heap
 def new generation   total 39296K, used 38998K [0x00000000f8000000, 0x00000000faaa0000, 0x00000000faaa0000)
  eden space 34944K, 100% used [0x00000000f8000000, 0x00000000fa220000, 0x00000000fa220000)
  from space 4352K,  93% used [0x00000000fa660000, 0x00000000faa55948, 0x00000000faaa0000)
  to   space 4352K,   0% used [0x00000000fa220000, 0x00000000fa220000, 0x00000000fa660000)
 tenured generation   total 87424K, used 86940K [0x00000000faaa0000, 0x0000000100000000, 0x0000000100000000)
   the space 87424K,  99% used [0x00000000faaa0000, 0x00000000fff870b8, 0x00000000fff87200, 0x0000000100000000)
 Metaspace       used 2575K, capacity 4486K, committed 4864K, reserved 1056768K
  class space    used 279K, capacity 386K, committed 512K, reserved 1048576K
